// Jest Snapshot v1, https://goo.gl/fbAQLP

exports[`RdsToggle renders the component 1`] = `
<div
  class="rds-toggle"
>
  <div
    class="position-relative form-check form-switch style-1 disabled"
  >
    <input
      checked=""
      class="form-check-input"
      id="flexSwitchCheckDefault"
      role="switch"
      type="checkbox"
    />
  </div>
</div>
`;
