// Jest Snapshot v1, https://goo.gl/fbAQLP

exports[`RdsBreadcrumb renders snapshot correctly 1`] = `
<nav
  aria-label="breadcrumb"
>
  <ol
    class="breadcrumb m-0 "
  >
    <li
      class="breadcrumb-item breadcrumb-default"
    >
      <a
        aria-disabled="true"
        class="text-decoration-none"
        href="/"
      >
        Home
      </a>
    </li>
    <li
      class="breadcrumb-separator"
    >
      /
    </li>
    <li
      class="breadcrumb-item breadcrumb-default"
    >
      <a
        aria-disabled="true"
        class="text-decoration-none"
        href="/products"
      >
        Products
      </a>
    </li>
    <li
      class="breadcrumb-separator"
    >
      /
    </li>
    <li
      class="breadcrumb-item breadcrumb-default breadcrumb-no-background ms-2 me-2"
    >
      <a
        aria-disabled="true"
        class="text-decoration-none"
        href="/products/electronics"
      >
        Electronics
      </a>
    </li>
  </ol>
</nav>
`;
