// Jest Snapshot v1, https://goo.gl/fbAQLP

exports[`RdsCompBankCardDetail renders correctly 1`] = `
<div>
  <div
    class="m-1 p-1"
  >
    <div>
      <div
        class="cursor-pointer mb-4"
      >
        <div
          class="border__gray p-4"
        >
          <div
            class=" "
          >
            <div
              class="d-flex justify-content-between"
            >
              <div
                class="d-flex align-items-center"
              >
                <div
                  class=""
                  style="height: 24px; width: 24px; stroke-width: inherit; margin: auto;"
                />
                <div
                  class="ms-1"
                >
                  <div
                    class="ms-2 fs-6"
                  >
                    <span>
                      Test Card 1
                       Ending with 
                      1234
                    </span>
                  </div>
                  <div
                    class="ms-2 fs-7"
                  >
                    <span
                      class="text-muted fs-7"
                    >
                       
                      Expiry 
                      12/23
                    </span>
                  </div>
                </div>
              </div>
              <div
                class="form-check"
              >
                <input
                  class="form-check-input"
                  id="flexRadioD"
                  name="flexRadioDefault"
                  type="radio"
                />
              </div>
            </div>
          </div>
          <div
            class="mt-2 ms-4"
          >
            <a
              class="ms-3 text-primary text-decoration-none"
            >
              Set as default
            </a>
            <a
              class="text-primary ms-2 text-decoration-none"
              style="text-decoration: auto;"
            >
              Edit
            </a>
          </div>
        </div>
      </div>
    </div>
    <div>
      <div
        class="cursor-pointer mb-4"
      >
        <div
          class="border__gray p-4"
        >
          <div
            class=" "
          >
            <div
              class="d-flex justify-content-between"
            >
              <div
                class="d-flex align-items-center"
              >
                <div
                  class=""
                  style="height: 24px; width: 24px; stroke-width: inherit; margin: auto;"
                />
                <div
                  class="ms-1"
                >
                  <div
                    class="ms-2 fs-6"
                  >
                    <span>
                      Test Card 2
                       Ending with 
                      5678
                    </span>
                  </div>
                  <div
                    class="ms-2 fs-7"
                  >
                    <span
                      class="text-muted fs-7"
                    >
                       
                      Expiry 
                      09/24
                    </span>
                  </div>
                </div>
              </div>
              <div
                class="form-check"
              >
                <input
                  class="form-check-input"
                  id="flexRadioD"
                  name="flexRadioDefault"
                  type="radio"
                />
              </div>
            </div>
          </div>
          <div
            class="mt-2 ms-4"
          >
            <a
              class="ms-3 text-primary text-decoration-none"
            >
              Set as default
            </a>
            <a
              class="text-primary ms-2 text-decoration-none"
              style="text-decoration: auto;"
            >
              Edit
            </a>
          </div>
        </div>
      </div>
    </div>
  </div>
</div>
`;
