// Jest Snapshot v1, https://goo.gl/fbAQLP

exports[`Forgot password Page Check Forgot Password functionality 1`] = `
{
  "asFragment": [Function],
  "baseElement": <body>
    <div>
      <div
        class="align-items-center d-flex justify-content-center m-auto login vh-100"
      >
        <div
          class="container-fluid"
        >
          <div
            class="bg-login align-items-center h-100 row rounded-3 overflow-x-hidden thin-scroll overflow-y-scroll"
          >
            <div
              class="col-xxl-6 col-xl-6 col-lg-12 col-12"
            >
              <div
                class="mx-auto pb-3 pt-3 px-3 px-lg-5 px-md-5 px-xl-5 px-xxl-5 rounded-4 shadow-md-lg w-75 w-xs-100"
              >
                <div>
                  <div
                    class="login-border-bottom mb-4 pb-1 raaghu-logo"
                  >
                    <div
                      class="text-center"
                    >
                      <img
                        height="68px"
                        src="./assets/raaghu_text_logo.svg"
                        width="161px"
                      />
                    </div>
                  </div>
                </div>
                <div
                  class="d-flex justify-content-center pt-2 pt-lg-3 pt-xl-3 pt-xxl-3"
                />
              </div>
            </div>
            <div
              class="col-xxl-6 col-xl-6 col-12 order-1 h-100 order-sm-2 rounded-end position-relative align-items-center p-0 login-card-height d-xxl-block d-xl-block d-lg-none d-none"
              style="background-image: url(../assets/bg_1.png); background-size: cover; background-position: bottom; background-repeat: no-repeat;"
            >
              <video
                autoplay=""
                class="video"
                id="myVideo"
                loop=""
              >
                <source
                  src="../assets/Comp1.mp4"
                  type="video/mp4"
                />
              </video>
              <div
                class="raghu1"
              >
                <img
                  src="../assets/fg_raaghu.png"
                />
              </div>
              <div
                class="wrap"
              >
                <div
                  class="c"
                />
                <div
                  class="c"
                />
                <div
                  class="c"
                />
                <div
                  class="c"
                />
                <div
                  class="c"
                />
                <div
                  class="c"
                />
                <div
                  class="c"
                />
                <div
                  class="c"
                />
                <div
                  class="c"
                />
                <div
                  class="c"
                />
                <div
                  class="c"
                />
                <div
                  class="c"
                />
                <div
                  class="c"
                />
              </div>
            </div>
          </div>
        </div>
      </div>
    </div>
  </body>,
  "container": <div>
    <div
      class="align-items-center d-flex justify-content-center m-auto login vh-100"
    >
      <div
        class="container-fluid"
      >
        <div
          class="bg-login align-items-center h-100 row rounded-3 overflow-x-hidden thin-scroll overflow-y-scroll"
        >
          <div
            class="col-xxl-6 col-xl-6 col-lg-12 col-12"
          >
            <div
              class="mx-auto pb-3 pt-3 px-3 px-lg-5 px-md-5 px-xl-5 px-xxl-5 rounded-4 shadow-md-lg w-75 w-xs-100"
            >
              <div>
                <div
                  class="login-border-bottom mb-4 pb-1 raaghu-logo"
                >
                  <div
                    class="text-center"
                  >
                    <img
                      height="68px"
                      src="./assets/raaghu_text_logo.svg"
                      width="161px"
                    />
                  </div>
                </div>
              </div>
              <div
                class="d-flex justify-content-center pt-2 pt-lg-3 pt-xl-3 pt-xxl-3"
              />
            </div>
          </div>
          <div
            class="col-xxl-6 col-xl-6 col-12 order-1 h-100 order-sm-2 rounded-end position-relative align-items-center p-0 login-card-height d-xxl-block d-xl-block d-lg-none d-none"
            style="background-image: url(../assets/bg_1.png); background-size: cover; background-position: bottom; background-repeat: no-repeat;"
          >
            <video
              autoplay=""
              class="video"
              id="myVideo"
              loop=""
            >
              <source
                src="../assets/Comp1.mp4"
                type="video/mp4"
              />
            </video>
            <div
              class="raghu1"
            >
              <img
                src="../assets/fg_raaghu.png"
              />
            </div>
            <div
              class="wrap"
            >
              <div
                class="c"
              />
              <div
                class="c"
              />
              <div
                class="c"
              />
              <div
                class="c"
              />
              <div
                class="c"
              />
              <div
                class="c"
              />
              <div
                class="c"
              />
              <div
                class="c"
              />
              <div
                class="c"
              />
              <div
                class="c"
              />
              <div
                class="c"
              />
              <div
                class="c"
              />
              <div
                class="c"
              />
            </div>
          </div>
        </div>
      </div>
    </div>
  </div>,
  "debug": [Function],
  "findAllByAltText": [Function],
  "findAllByDisplayValue": [Function],
  "findAllByLabelText": [Function],
  "findAllByPlaceholderText": [Function],
  "findAllByRole": [Function],
  "findAllByTestId": [Function],
  "findAllByText": [Function],
  "findAllByTitle": [Function],
  "findByAltText": [Function],
  "findByDisplayValue": [Function],
  "findByLabelText": [Function],
  "findByPlaceholderText": [Function],
  "findByRole": [Function],
  "findByTestId": [Function],
  "findByText": [Function],
  "findByTitle": [Function],
  "getAllByAltText": [Function],
  "getAllByDisplayValue": [Function],
  "getAllByLabelText": [Function],
  "getAllByPlaceholderText": [Function],
  "getAllByRole": [Function],
  "getAllByTestId": [Function],
  "getAllByText": [Function],
  "getAllByTitle": [Function],
  "getByAltText": [Function],
  "getByDisplayValue": [Function],
  "getByLabelText": [Function],
  "getByPlaceholderText": [Function],
  "getByRole": [Function],
  "getByTestId": [Function],
  "getByText": [Function],
  "getByTitle": [Function],
  "queryAllByAltText": [Function],
  "queryAllByDisplayValue": [Function],
  "queryAllByLabelText": [Function],
  "queryAllByPlaceholderText": [Function],
  "queryAllByRole": [Function],
  "queryAllByTestId": [Function],
  "queryAllByText": [Function],
  "queryAllByTitle": [Function],
  "queryByAltText": [Function],
  "queryByDisplayValue": [Function],
  "queryByLabelText": [Function],
  "queryByPlaceholderText": [Function],
  "queryByRole": [Function],
  "queryByTestId": [Function],
  "queryByText": [Function],
  "queryByTitle": [Function],
  "rerender": [Function],
  "unmount": [Function],
}
`;
