// Jest Snapshot v1, https://goo.gl/fbAQLP

exports[`Application page check the element and component in Blog Post page 1`] = `
{
  "asFragment": [Function],
  "baseElement": <body>
    <div>
      <div
        class="container-fluid m-0 p-0"
      >
        <div
          class="row"
        >
          <div
            class="col-md-12"
          >
            <div
              class="card px-4 py-4 border-0 rounded-0 card-full-stretch"
            >
              <div
                class="row align-items-center"
              >
                <div
                  class="col-xxl-3 col-xl-3 col-lg-3 col-12 mb-2"
                />
                <div
                  class="col-xxl-9 col-xl-3 col-lg-3 col-12 mb-3 d-flex justify-content-xxl-end justify-content-xl-end justify-content-lg-end justify-content-md-end justify-content-start"
                />
              </div>
              <div
                class="container-fluid m-0 py-3"
              >
                <div
                  class="row"
                >
                  <div
                    class="col-md-12"
                  >
                    <div
                      class="offset-md-4 col-md-4 mt-3 col-12 position-absolute position-lg-relative bottom-0 mb-3 custom-responsive-alert"
                    />
                  </div>
                </div>
              </div>
            </div>
          </div>
        </div>
      </div>
    </div>
  </body>,
  "container": <div>
    <div
      class="container-fluid m-0 p-0"
    >
      <div
        class="row"
      >
        <div
          class="col-md-12"
        >
          <div
            class="card px-4 py-4 border-0 rounded-0 card-full-stretch"
          >
            <div
              class="row align-items-center"
            >
              <div
                class="col-xxl-3 col-xl-3 col-lg-3 col-12 mb-2"
              />
              <div
                class="col-xxl-9 col-xl-3 col-lg-3 col-12 mb-3 d-flex justify-content-xxl-end justify-content-xl-end justify-content-lg-end justify-content-md-end justify-content-start"
              />
            </div>
            <div
              class="container-fluid m-0 py-3"
            >
              <div
                class="row"
              >
                <div
                  class="col-md-12"
                >
                  <div
                    class="offset-md-4 col-md-4 mt-3 col-12 position-absolute position-lg-relative bottom-0 mb-3 custom-responsive-alert"
                  />
                </div>
              </div>
            </div>
          </div>
        </div>
      </div>
    </div>
  </div>,
  "debug": [Function],
  "findAllByAltText": [Function],
  "findAllByDisplayValue": [Function],
  "findAllByLabelText": [Function],
  "findAllByPlaceholderText": [Function],
  "findAllByRole": [Function],
  "findAllByTestId": [Function],
  "findAllByText": [Function],
  "findAllByTitle": [Function],
  "findByAltText": [Function],
  "findByDisplayValue": [Function],
  "findByLabelText": [Function],
  "findByPlaceholderText": [Function],
  "findByRole": [Function],
  "findByTestId": [Function],
  "findByText": [Function],
  "findByTitle": [Function],
  "getAllByAltText": [Function],
  "getAllByDisplayValue": [Function],
  "getAllByLabelText": [Function],
  "getAllByPlaceholderText": [Function],
  "getAllByRole": [Function],
  "getAllByTestId": [Function],
  "getAllByText": [Function],
  "getAllByTitle": [Function],
  "getByAltText": [Function],
  "getByDisplayValue": [Function],
  "getByLabelText": [Function],
  "getByPlaceholderText": [Function],
  "getByRole": [Function],
  "getByTestId": [Function],
  "getByText": [Function],
  "getByTitle": [Function],
  "queryAllByAltText": [Function],
  "queryAllByDisplayValue": [Function],
  "queryAllByLabelText": [Function],
  "queryAllByPlaceholderText": [Function],
  "queryAllByRole": [Function],
  "queryAllByTestId": [Function],
  "queryAllByText": [Function],
  "queryAllByTitle": [Function],
  "queryByAltText": [Function],
  "queryByDisplayValue": [Function],
  "queryByLabelText": [Function],
  "queryByPlaceholderText": [Function],
  "queryByRole": [Function],
  "queryByTestId": [Function],
  "queryByText": [Function],
  "queryByTitle": [Function],
  "rerender": [Function],
  "unmount": [Function],
}
`;
